 Fichiercas : FichierCas.txt                                                                                                                                                                                                                                                 

 TELEMAC-MASCARET V8P4R0 == Copyright (C) 2000-2022 EDF-CEREMA ==

 Data File : zx.xcas

 Study name : Etude hydraulique1d

 Hydraulic statistics (prior solve phase)
    ------ Geometric parameters ------
    Number of reach(es)       =            1
    Number of cross-sections  =           23
    Number of open boundaries =            2
    Number of junction(s)     =            0
    Number of inflow(s)       =            4
    Number of lateral weir(s) =            0
    Number of storage area(s) =            0
    Number of link(s)         =            0
    Number of dam(s)/weir(s)  =            0
    ------ Numerical parameters ------
    Number of 1D nodes (mesh) =          648
    Computation Kernel        =            3
    Initial time step         =      2.0E+00
    Variable time step?       =            0
    Implicit Scheme?          =            1
    Non Hydrostatic?          =            1
    Simulation time           =      8.0E+04

 OptionCourlis F
 Start the Simulation...
 READING XAJ FILES
 NO XAJ FILES TO READ
 NO XAJ FILES TO READ

=====

Program received signal SIGSEGV: Segmentation fault - invalid memory reference.

Backtrace for this error:
#0  0x7dd339b488b0 in ???
#1  0x7dd339b47ae3 in ???
#2  0x7dd33904c96f in ???
#3  0x58a3fa0396c5 in ???
#4  0x58a3fa01947e in ???
#5  0x58a3f9fa5191 in ???
#6  0x58a3f9e795cc in ???
#7  0x58a3f9dad4b2 in ???
#8  0x7dd33903909a in ???
#9  0x58a3f9dad4e9 in ???
#10  0xffffffffffffffff in ???
